// Jest Snapshot v1, https://goo.gl/fbAQLP

exports[`WinScreen should render correctly with 2 questions with 0 mistakes 1`] = `
<section
  className="result"
>
  <div
    className="result__logo"
  >
    <img
      alt="Угадай мелодию"
      height="83"
      src="img/melody-logo.png"
      width="186"
    />
  </div>
  <h2
    className="result__title"
  >
    Вы настоящий меломан!
  </h2>
  <p
    className="result__total"
  >
    Вы ответили правильно на 
    2
     вопросов и совершили 
    0
     ошибки
  </p>
  <a
    className="replay"
    href="/"
    onClick={[Function]}
  >
    Сыграть ещё раз
  </a>
</section>
`;

exports[`WinScreen should render correctly with 2 questions with 1 mistake 1`] = `
<section
  className="result"
>
  <div
    className="result__logo"
  >
    <img
      alt="Угадай мелодию"
      height="83"
      src="img/melody-logo.png"
      width="186"
    />
  </div>
  <h2
    className="result__title"
  >
    Вы настоящий меломан!
  </h2>
  <p
    className="result__total"
  >
    Вы ответили правильно на 
    1
     вопросов и совершили 
    1
     ошибки
  </p>
  <a
    className="replay"
    href="/"
    onClick={[Function]}
  >
    Сыграть ещё раз
  </a>
</section>
`;

exports[`WinScreen should render correctly with 3 questions with 0 mistakes 1`] = `
<section
  className="result"
>
  <div
    className="result__logo"
  >
    <img
      alt="Угадай мелодию"
      height="83"
      src="img/melody-logo.png"
      width="186"
    />
  </div>
  <h2
    className="result__title"
  >
    Вы настоящий меломан!
  </h2>
  <p
    className="result__total"
  >
    Вы ответили правильно на 
    3
     вопросов и совершили 
    0
     ошибки
  </p>
  <a
    className="replay"
    href="/"
    onClick={[Function]}
  >
    Сыграть ещё раз
  </a>
</section>
`;

exports[`WinScreen should render correctly with 3 questions with 2 mistakes 1`] = `
<section
  className="result"
>
  <div
    className="result__logo"
  >
    <img
      alt="Угадай мелодию"
      height="83"
      src="img/melody-logo.png"
      width="186"
    />
  </div>
  <h2
    className="result__title"
  >
    Вы настоящий меломан!
  </h2>
  <p
    className="result__total"
  >
    Вы ответили правильно на 
    1
     вопросов и совершили 
    2
     ошибки
  </p>
  <a
    className="replay"
    href="/"
    onClick={[Function]}
  >
    Сыграть ещё раз
  </a>
</section>
`;
